// Jest Snapshot v1, https://goo.gl/fbAQLP

exports[`<PlaceholderTile /> renders <PlaceholderTile /> component 1`] = `
<div
  className="sd-m-product-tile"
>
  <svg
    preserveAspectRatio="none"
    role="img"
    style={
      Object {
        "height": "auto",
        "width": "100%",
      }
    }
    viewBox="0 0 316 620"
  >
    <path
      d="M-1-1h1002v1002H-1z"
      fill="#fff"
    />
    <g
      fill="#f3f3f3"
    >
      <rect
        height="474"
        rx="5"
        ry="5"
        width="316"
      />
      <rect
        height="20"
        rx="0"
        ry="0"
        width="186"
        y="480"
      />
      <circle
        cx="6"
        cy="536"
        r="6"
      />
      <circle
        cx="22"
        cy="536"
        r="6"
      />
      <circle
        cx="38"
        cy="536"
        r="6"
      />
      <circle
        cx="54"
        cy="536"
        r="6"
      />
      <circle
        cx="70"
        cy="536"
        r="6"
      />
      <rect
        height="14"
        rx="0"
        ry="0"
        width="53"
        y="556"
      />
      <rect
        height="16"
        rx="0"
        ry="0"
        width="147"
        y="586"
      />
    </g>
  </svg>
</div>
`;
