// Jest Snapshot v1, https://goo.gl/fbAQLP

exports[`<StepperSimple /> renders <StepperSimple /> component: default 1`] = `
<div
  className="sd-m-stepper-simple"
>
  <div
    className="sd-m-stepper-simple__item sd-m-stepper-simple__item--active"
    key="1"
  />
  <div
    className="sd-m-stepper-simple__item"
    key="2"
  />
  <div
    className="sd-m-stepper-simple__item"
    key="3"
  />
  <div
    className="sd-m-stepper-simple__item"
    key="4"
  />
</div>
`;
